Compilation : '(' "module" N Stmt* ')'                                                   Covered: False

N : INT                                                                                  Covered: False

Expr : '(' "int_literal" N INT ')' | StringLiteral                                       Covered: False
| VarRef                                                                                 Covered: False
| SpecialId                                                                              Covered: False
| '(' "next_value" N ')'                                                                 Covered: False
| '(' "call" N Expr Expr* ')'                                                            Covered: False
| '(' "call" N TypeId Expr* ')'                                                          Covered: False
| '(' "binop" N Id Expr Expr ')'                                                         Covered: False
| '(' "left_compare" N Id Expr Expr ')' | '(' "compare" N Id Expr Expr ')'               Covered: False
| '(' "unop" N Id Expr ')'                                                               Covered: False
| '(' "subscript" N Id Expr ')'                                                          Covered: False
| '(' "slice" N Id Expr Expr ')'                                                         Covered: False
| '(' "if_expr" N Expr Expr Expr ')'                                                     Covered: False
| '(' "and" N Expr Expr ')'                                                              Covered: False
| '(' "or" N Expr Expr ')'                                                               Covered: False
| '(' "tuple" N Expr* ')'                                                                Covered: False
| '(' "list_display" N Expr* ')'                                                         Covered: False
| '(' "dict_display" N Pair* ')'                                                         Covered: False

StringLiteral:                                                                           Covered: False
'(' "string_literal" N STRING ')'                                                        Covered: False

Id : '(' "id" N ID ')'                                                                   Covered: False

SpecialId : '(' "None" N ')'                                                             Covered: False
	| '(' "True" N ')'                                                                   Covered: False
	| '(' "False" N ')'                                                                  Covered: False

VarRef:                                                                                  Covered: False
	Id                                                                                   Covered: False
	| '(' "attributeref" N Expr Id ')' Pair : '(' "pair" N Expr Expr ')'                 Covered: False

Pair : '(' "pair" N Expr Expr ')'                                                        Covered: False


Stmt : Expr                                                                              Covered: False
| Assign                                                                                 Covered: False
| StmtList                                                                               Covered: False
| '(' "print" N Expr* ')' | '(' "println" N Expr* ')' | '(' "return" N Expr ')'          Covered: False
| '(' "break" N ')'                                                                      Covered: False
| '(' "continue" N ')'                                                                   Covered: False
| '(' "if" N Expr Stmt Stmt? ')'                                                         Covered: False
| '(' "while" N Expr Stmt Stmt? ')'                                                      Covered: False
| '(' "for" N TargetList Expr                                                            Covered: False
			  Stmt Stmt? ')'                                                             Covered: False
| '(' "def" N Id Formals Type? Block ')'                                                 Covered: False
| '(' "class" N Id TypeFormals Block ')'                                                 Covered: False
| '(' "native" N StringLiteral ')'                                                       Covered: False

Assign :                                                                                 Covered: False
	'(' "assign" N TargetList RightSide ')'                                              Covered: False

StmtList : '(' "stmt_list" N Stmt* ')'                                                   Covered: False

Block : '(' "block" N Stmt* ')'                                                          Covered: False

RightSide : Expr | Assign                                                                Covered: False

Target:                                                                                  Covered: False
	VarRef                                                                               Covered: False
	| '(' "subscript_assign" N Id Expr Expr ')'                                          Covered: False
	| '(' "slice_assign" N Id Expr Expr Expr ')'                                         Covered: False
	| TypedId                                                                            Covered: False

TargetList:                                                                              Covered: False
	Target                                                                               Covered: False
	| '(' "target_list" N Target+ ')'                                                    Covered: False

Formals : '(' "formals_list" N (Id | TypedId)* ')'                                       Covered: False

TypedId : '(' "typed_id" N Id Type ')'                                                   Covered: False

Type : TypeId                                                                            Covered: False
	| TypeVar                                                                            Covered: False
	| '(' "function_type" N Type TypeList0 ')'                                           Covered: False

TypeId : '(' "type" N Id TypeList0 ')'                                                   Covered: False

TypeVar : '(' "type_var" N ID ')'                                                        Covered: False

TypeList0 : '(' "type_list" N Type* ')'                                                  Covered: False

TypeFormals: '(' "type_formals_list" N TypeVar* ')'                                      Covered: False
